// Jest Snapshot v1, https://goo.gl/fbAQLP

exports[`CastMemberForm should render castMember form correctly 1`] = `[Function]`;
